{
  "snmp": null,
  "ssh": [
    {
      "command": "uname -a",
      "response": "Linux AMS-SRV-01 5.15.0-56-generic #62-Ubuntu SMP Tue Nov 22 19:54:14 UTC 2022 x86_64 x86_64 x86_64 GNU/Linux"
    },
    {
      "command": "dmidecode -s system-product-name",
      "response": "PowerEdge R750"
    },
    {
      "command": "dmidecode -s system-serial-number",
      "response": "PE-R750-001"
    },
    {
      "command": "uptime",
      "response": " 14:32:30 up 87 days, 14:56,  2 users,  load average: 0.18, 0.22, 0.19"
    },
    {
      "command": "ip addr show",
      "response": "1: lo: \u003cLOOPBACK,UP,LOWER_UP\u003e mtu 65536 qdisc noqueue state UNKNOWN group default qlen 1000\n    link/loopback 00:00:00:00:00:00 brd 00:00:00:00:00:00\n    inet 127.0.0.1/8 scope host lo\n       valid_lft forever preferred_lft forever\n2: eno1: \u003cBROADCAST,MULTICAST,UP,LOWER_UP\u003e mtu 1500 qdisc mq state UP group default qlen 1000\n    link/ether aa:bb:cc:dd:ee:01 brd ff:ff:ff:ff:ff:ff\n    inet 192.168.103.1/24 brd 192.168.103.255 scope global eno1\n       valid_lft forever preferred_lft forever\n3: eno2: \u003cBROADCAST,MULTICAST,UP,LOWER_UP\u003e mtu 1500 qdisc mq state UP group default qlen 1000\n    link/ether aa:bb:cc:dd:ee:02 brd ff:ff:ff:ff:ff:ff\n4: eno3: \u003cBROADCAST,MULTICAST\u003e mtu 1500 qdisc noop state DOWN group default qlen 1000\n    link/ether aa:bb:cc:dd:ee:03 brd ff:ff:ff:ff:ff:ff\n5: eno4: \u003cBROADCAST,MULTICAST\u003e mtu 1500 qdisc noop state DOWN group default qlen 1000\n    link/ether aa:bb:cc:dd:ee:04 brd ff:ff:ff:ff:ff:ff"
    },
    {
      "command": "free -h",
      "response": "               total        used        free      shared  buff/cache   available\nMem:           125Gi        44Gi        35Gi       512Mi        45Gi        80Gi\nSwap:          2.0Gi          0B       2.0Gi"
    },
    {
      "command": "df -h",
      "response": "Filesystem      Size  Used Avail Use% Mounted on\n/dev/sda1       456G  123G  310G  29% /\n/dev/sda2       1.9G  147M  1.6G  9% /boot\n/dev/sda15      105M  6.1M   99M   6% /boot/efi\ntmpfs            63G     0   63G   0% /dev/shm\ntmpfs            13G  2.1M   13G   1% /run\ntmpfs           5.0M     0  5.0M   0% /run/lock"
    },
    {
      "command": "lscpu",
      "response": "Architecture:                    x86_64\nCPU op-mode(s):                  32-bit, 64-bit\nByte Order:                      Little Endian\nAddress sizes:                   46 bits physical, 48 bits virtual\nCPU(s):                          32\nOn-line CPU(s) list:             0-31\nThread(s) per core:              2\nCore(s) per socket:              16\nSocket(s):                       1\nNUMA node(s):                    1\nVendor ID:                       GenuineIntel\nCPU family:                      6\nModel:                           106\nModel name:                      Intel(R) Xeon(R) Gold 6326 CPU @ 2.90GHz\nStepping:                        6\nCPU MHz:                         2900.000\nBogoMIPS:                        5800.00\nL1d cache:                       768 KiB\nL1i cache:                       512 KiB\nL2 cache:                        20 MiB\nL3 cache:                        24 MiB\nNUMA node0 CPU(s):               0-31"
    },
    {
      "command": "sensors",
      "response": "coretemp-isa-0000\nAdapter: ISA adapter\nPackage id 0:  +32.0°C  (high = +80.0°C, crit = +90.0°C)\nCore 0:        +28.0°C  (high = +80.0°C, crit = +90.0°C)\nCore 1:        +29.0°C  (high = +80.0°C, crit = +90.0°C)\nCore 8:        +31.0°C  (high = +80.0°C, crit = +90.0°C)\nCore 9:        +30.0°C  (high = +80.0°C, crit = +90.0°C)"
    }
  ]
}